2026-07-22 02:37:20,131 INFO: Recorded session history: {'time': 1784668040.1311593, 'action': 'generate', 'target': '/tmp/wordlist1.txt', 'candidates': 150, 'user': 'admin'}
2026-07-22 02:37:20,132 INFO: Recorded session history: {'time': 1784668040.1318195, 'action': 'export', 'target': '/tmp/wordlist1.csv', 'candidates': 150, 'user': 'admin'}
2026-07-22 02:37:20,132 INFO: Recorded session history: {'time': 1784668040.1324008, 'action': 'save', 'target': '/tmp/wordlist2.txt', 'candidates': 200, 'user': 'admin'}
2026-07-22 02:37:20,133 INFO: Cleared session history
2026-07-23 20:09:37,359 INFO: Cleared session history
2026-07-23 20:50:55,129 INFO: Recorded session history: {'time': 1784820055.1288407, 'action': 'generate', 'target': 'in-memory', 'candidates': 51, 'user': 'Saksham Surendra Tambade'}
2026-07-23 20:55:06,163 INFO: Recorded session history: {'time': 1784820306.1631775, 'action': 'save', 'target': 'D:\\project\\output\\wordlist.txt', 'candidates': 51, 'user': 'Saksham Surendra Tambade'}
2026-07-23 21:05:41,930 INFO: Cleared session history
2026-07-23 21:06:04,824 INFO: Recorded session history: {'time': 1784820964.8239603, 'action': 'generate', 'target': 'in-memory', 'candidates': 30, 'user': 'admin'}
2026-07-23 21:25:11,106 INFO: Recorded session history: {'time': 1784822111.1060872, 'action': 'save', 'target': 'D:\\project\\output\\wordlist.txt', 'candidates': 0, 'user': 'admin'}
2026-07-23 21:25:35,998 INFO: Recorded session history: {'time': 1784822135.9969778, 'action': 'generate', 'target': 'in-memory', 'candidates': 51, 'user': 'ffg'}
2026-07-23 21:25:36,022 INFO: Recorded session history: {'time': 1784822136.0211177, 'action': 'autosave', 'target': 'D:\\project\\output\\wordlist_20260723_155535.txt', 'candidates': 51, 'user': 'ffg'}
2026-07-23 22:11:21,197 INFO: Cleared session history
2026-07-23 23:00:18,524 INFO: Recorded session history: {'time': 1784827818.5240157, 'date': '2026-07-23', 'time_of_day': '23:00:18', 'action': 'export', 'target': 'C:/out/wordlist.txt', 'candidates': 25, 'user': 'admin', 'generation_time': 1.25, 'total_passwords': 25, 'export_type': 'txt', 'output_file': 'C:/out/wordlist.txt'}
2026-07-23 23:02:25,263 INFO: Recorded session history: {'time': 1784827945.2627568, 'date': '2026-07-23', 'time_of_day': '23:02:25', 'action': 'export', 'target': 'C:/out/wordlist.txt', 'candidates': 25, 'user': 'admin', 'generation_time': 1.25, 'total_passwords': 25, 'export_type': 'txt', 'output_file': 'C:/out/wordlist.txt'}
2026-07-23 23:03:18,208 INFO: Recorded session history: {'time': 1784827998.2081685, 'date': '2026-07-23', 'time_of_day': '23:03:18', 'action': 'export', 'target': 'C:/out/wordlist.txt', 'candidates': 25, 'user': 'admin', 'generation_time': 1.25, 'total_passwords': 25, 'export_type': 'txt', 'output_file': 'C:/out/wordlist.txt'}
2026-07-23 23:06:15,598 INFO: Recorded session history: {'time': 1784828175.598544, 'date': '2026-07-23', 'time_of_day': '23:06:15', 'action': 'export', 'target': 'C:/out/wordlist.txt', 'candidates': 25, 'user': 'admin', 'generation_time': 1.25, 'total_passwords': 25, 'export_type': 'txt', 'output_file': 'C:/out/wordlist.txt'}
2026-07-23 23:07:32,922 INFO: Recorded session history: {'time': 1784828252.9222014, 'date': '2026-07-23', 'time_of_day': '23:07:32', 'action': 'export', 'target': 'C:/out/wordlist.txt', 'candidates': 25, 'user': 'admin', 'generation_time': 1.25, 'total_passwords': 25, 'export_type': 'txt', 'output_file': 'C:/out/wordlist.txt'}
2026-07-23 23:15:00,428 INFO: Recorded session history: {'time': 1784828700.4280035, 'date': '2026-07-23', 'time_of_day': '23:15:00', 'action': 'export', 'target': 'C:/out/wordlist.txt', 'candidates': 25, 'user': 'admin', 'generation_time': 1.25, 'total_passwords': 25, 'export_type': 'txt', 'output_file': 'C:/out/wordlist.txt'}
2026-07-24 00:04:08,845 INFO: Recorded session history: {'time': 1784831648.844804, 'date': '2026-07-24', 'time_of_day': '00:04:08', 'action': 'export', 'target': 'C:/out/wordlist.txt', 'candidates': 25, 'user': 'admin', 'generation_time': 1.25, 'total_passwords': 25, 'export_type': 'txt', 'output_file': 'C:/out/wordlist.txt'}
2026-07-24 00:05:36,220 INFO: Recorded session history: {'time': 1784831736.2195435, 'date': '2026-07-24', 'time_of_day': '00:05:36', 'action': 'export', 'target': 'C:/out/wordlist.txt', 'candidates': 25, 'user': 'admin', 'generation_time': 1.25, 'total_passwords': 25, 'export_type': 'txt', 'output_file': 'C:/out/wordlist.txt'}
2026-07-24 00:07:17,492 INFO: Recorded session history: {'time': 1784831837.4921527, 'date': '2026-07-24', 'time_of_day': '00:07:17', 'action': 'export', 'target': 'C:/out/wordlist.txt', 'candidates': 25, 'user': 'admin', 'generation_time': 1.25, 'total_passwords': 25, 'export_type': 'txt', 'output_file': 'C:/out/wordlist.txt'}
2026-07-24 00:08:25,195 INFO: Recorded session history: {'time': 1784831905.1948748, 'date': '2026-07-24', 'time_of_day': '00:08:25', 'action': 'save', 'target': 'D:\\project\\output\\wordlist.txt', 'candidates': 0, 'user': 'admin', 'generation_time': None, 'total_passwords': 0, 'export_type': 'txt', 'output_file': 'D:\\project\\output\\wordlist.txt'}
2026-07-24 00:16:37,696 INFO: Recorded session history: {'time': 1784832397.6962433, 'date': '2026-07-24', 'time_of_day': '00:16:37', 'action': 'export', 'target': 'C:/out/wordlist.txt', 'candidates': 25, 'user': 'admin', 'generation_time': 1.25, 'total_passwords': 25, 'export_type': 'txt', 'output_file': 'C:/out/wordlist.txt'}
2026-07-24 00:18:32,945 INFO: Recorded session history: {'time': 1784832512.9452562, 'date': '2026-07-24', 'time_of_day': '00:18:32', 'action': 'save', 'target': 'D:\\project\\output\\wordlist.txt', 'candidates': 0, 'user': 'admin', 'generation_time': None, 'total_passwords': 0, 'export_type': 'txt', 'output_file': 'D:\\project\\output\\wordlist.txt'}
2026-07-24 00:19:25,677 INFO: Recorded session history: {'time': 1784832565.6774395, 'date': '2026-07-24', 'time_of_day': '00:19:25', 'action': 'generate', 'target': 'in-memory', 'candidates': 1000, 'user': 'dwc', 'generation_time': 0.00039839744567871094, 'total_passwords': 1000, 'export_type': 'generated', 'output_file': 'D:\\project\\output\\wordlist.txt'}
2026-07-24 00:19:25,761 INFO: Recorded session history: {'time': 1784832565.7604458, 'date': '2026-07-24', 'time_of_day': '00:19:25', 'action': 'autosave', 'target': 'D:\\project\\output\\wordlist_20260723_184925.txt', 'candidates': 1000, 'user': 'dwc', 'generation_time': None, 'total_passwords': 1000, 'export_type': 'txt', 'output_file': 'D:\\project\\output\\wordlist_20260723_184925.txt'}
2026-07-24 00:20:03,724 INFO: Recorded session history: {'time': 1784832603.724224, 'date': '2026-07-24', 'time_of_day': '00:20:03', 'action': 'generate', 'target': 'in-memory', 'candidates': 100, 'user': 'dwc', 'generation_time': 0.00013065338134765625, 'total_passwords': 100, 'export_type': 'generated', 'output_file': 'D:\\project\\output\\wordlist.txt'}
2026-07-24 00:20:03,788 INFO: Recorded session history: {'time': 1784832603.7876298, 'date': '2026-07-24', 'time_of_day': '00:20:03', 'action': 'autosave', 'target': 'D:\\project\\output\\wordlist_20260723_185003.txt', 'candidates': 100, 'user': 'dwc', 'generation_time': None, 'total_passwords': 100, 'export_type': 'txt', 'output_file': 'D:\\project\\output\\wordlist_20260723_185003.txt'}
2026-07-24 00:21:36,955 INFO: Recorded session history: {'time': 1784832696.9549642, 'date': '2026-07-24', 'time_of_day': '00:21:36', 'action': 'export', 'target': 'C:/out/wordlist.txt', 'candidates': 25, 'user': 'admin', 'generation_time': 1.25, 'total_passwords': 25, 'export_type': 'txt', 'output_file': 'C:/out/wordlist.txt'}
